components/ListView.tsx(228,5): error TS17004: Cannot use JSX unless the '--jsx' flag is provided.
components/ListView.tsx(229,7): error TS17004: Cannot use JSX unless the '--jsx' flag is provided.
components/ListView.tsx(231,9): error TS17004: Cannot use JSX unless the '--jsx' flag is provided.
components/ListView.tsx(232,11): error TS17004: Cannot use JSX unless the '--jsx' flag is provided.
components/ListView.tsx(233,13): error TS17004: Cannot use JSX unless the '--jsx' flag is provided.
components/ListView.tsx(237,15): error TS17004: Cannot use JSX unless the '--jsx' flag is provided.
components/ListView.tsx(242,15): error TS17004: Cannot use JSX unless the '--jsx' flag is provided.
components/ListView.tsx(243,17): error TS17004: Cannot use JSX unless the '--jsx' flag is provided.
components/ListView.tsx(244,17): error TS17004: Cannot use JSX unless the '--jsx' flag is provided.
components/ListView.tsx(245,19): error TS17004: Cannot use JSX unless the '--jsx' flag is provided.
components/ListView.tsx(247,19): error TS17004: Cannot use JSX unless the '--jsx' flag is provided.
components/ListView.tsx(249,21): error TS17004: Cannot use JSX unless the '--jsx' flag is provided.
components/ListView.tsx(250,23): error TS17004: Cannot use JSX unless the '--jsx' flag is provided.
components/ListView.tsx(257,25): error TS17004: Cannot use JSX unless the '--jsx' flag is provided.
components/ListView.tsx(258,27): error TS17004: Cannot use JSX unless the '--jsx' flag is provided.
components/ListView.tsx(259,27): error TS17004: Cannot use JSX unless the '--jsx' flag is provided.
components/ListView.tsx(261,25): error TS17004: Cannot use JSX unless the '--jsx' flag is provided.
components/ListView.tsx(265,25): error TS17004: Cannot use JSX unless the '--jsx' flag is provided.
components/ListView.tsx(267,29): error TS17004: Cannot use JSX unless the '--jsx' flag is provided.
components/ListView.tsx(275,31): error TS17004: Cannot use JSX unless the '--jsx' flag is provided.
components/ListView.tsx(276,55): error TS17004: Cannot use JSX unless the '--jsx' flag is provided.
components/ListView.tsx(277,57): error TS17004: Cannot use JSX unless the '--jsx' flag is provided.
components/ListView.tsx(278,57): error TS17004: Cannot use JSX unless the '--jsx' flag is provided.
components/ListView.tsx(279,53): error TS17004: Cannot use JSX unless the '--jsx' flag is provided.
components/ListView.tsx(280,57): error TS17004: Cannot use JSX unless the '--jsx' flag is provided.
components/ListView.tsx(281,58): error TS17004: Cannot use JSX unless the '--jsx' flag is provided.
components/ListView.tsx(282,33): error TS17004: Cannot use JSX unless the '--jsx' flag is provided.
components/ListView.tsx(284,61): error TS17004: Cannot use JSX unless the '--jsx' flag is provided.
components/ListView.tsx(292,21): error TS17004: Cannot use JSX unless the '--jsx' flag is provided.
components/ListView.tsx(293,23): error TS17004: Cannot use JSX unless the '--jsx' flag is provided.
components/ListView.tsx(300,25): error TS17004: Cannot use JSX unless the '--jsx' flag is provided.
components/ListView.tsx(301,25): error TS17004: Cannot use JSX unless the '--jsx' flag is provided.
components/ListView.tsx(305,25): error TS17004: Cannot use JSX unless the '--jsx' flag is provided.
components/ListView.tsx(307,29): error TS17004: Cannot use JSX unless the '--jsx' flag is provided.
components/ListView.tsx(315,31): error TS17004: Cannot use JSX unless the '--jsx' flag is provided.
components/ListView.tsx(316,58): error TS17004: Cannot use JSX unless the '--jsx' flag is provided.
components/ListView.tsx(324,21): error TS17004: Cannot use JSX unless the '--jsx' flag is provided.
components/ListView.tsx(333,23): error TS17004: Cannot use JSX unless the '--jsx' flag is provided.
components/ListView.tsx(340,11): error TS17004: Cannot use JSX unless the '--jsx' flag is provided.
components/ListView.tsx(344,13): error TS17004: Cannot use JSX unless the '--jsx' flag is provided.
components/ListView.tsx(347,15): error TS17004: Cannot use JSX unless the '--jsx' flag is provided.
components/ListView.tsx(348,17): error TS17004: Cannot use JSX unless the '--jsx' flag is provided.
components/ListView.tsx(350,19): error TS17004: Cannot use JSX unless the '--jsx' flag is provided.
components/ListView.tsx(359,21): error TS17004: Cannot use JSX unless the '--jsx' flag is provided.
components/ListView.tsx(360,23): error TS17004: Cannot use JSX unless the '--jsx' flag is provided.
components/ListView.tsx(361,50): error TS17004: Cannot use JSX unless the '--jsx' flag is provided.
components/ListView.tsx(363,49): error TS17004: Cannot use JSX unless the '--jsx' flag is provided.
components/ListView.tsx(366,17): error TS17004: Cannot use JSX unless the '--jsx' flag is provided.
components/ListView.tsx(370,11): error TS17004: Cannot use JSX unless the '--jsx' flag is provided.
components/ListView.tsx(374,13): error TS17004: Cannot use JSX unless the '--jsx' flag is provided.
components/ListView.tsx(379,9): error TS17004: Cannot use JSX unless the '--jsx' flag is provided.
components/ListView.tsx(379,10): error TS2741: Property 'children' is missing in type '{ onDragEnd: (result: DropResult<string>) => void; }' but required in type 'DragDropContextProps'.
components/ListView.tsx(380,11): error TS17004: Cannot use JSX unless the '--jsx' flag is provided.
components/ListView.tsx(382,15): error TS17004: Cannot use JSX unless the '--jsx' flag is provided.
components/ListView.tsx(389,21): error TS17004: Cannot use JSX unless the '--jsx' flag is provided.
components/ListView.tsx(389,32): error TS2322: Type '{ key: any; draggableId: any; index: number; isDragDisabled: boolean; }' is not assignable to type 'DraggableProps'.
  Property 'key' does not exist on type 'DraggableProps'.
components/ListView.tsx(391,25): error TS17004: Cannot use JSX unless the '--jsx' flag is provided.
components/ListView.tsx(392,27): error TS17004: Cannot use JSX unless the '--jsx' flag is provided.
components/ListView.tsx(397,57): error TS17004: Cannot use JSX unless the '--jsx' flag is provided.
components/ListView.tsx(397,130): error TS17004: Cannot use JSX unless the '--jsx' flag is provided.
components/ListView.tsx(398,29): error TS17004: Cannot use JSX unless the '--jsx' flag is provided.
components/ListView.tsx(399,31): error TS17004: Cannot use JSX unless the '--jsx' flag is provided.
components/ListView.tsx(406,33): error TS17004: Cannot use JSX unless the '--jsx' flag is provided.
components/ListView.tsx(423,33): error TS17004: Cannot use JSX unless the '--jsx' flag is provided.
components/ListView.tsx(428,29): error TS17004: Cannot use JSX unless the '--jsx' flag is provided.
components/ListView.tsx(430,29): error TS17004: Cannot use JSX unless the '--jsx' flag is provided.
components/ListView.tsx(431,31): error TS17004: Cannot use JSX unless the '--jsx' flag is provided.
components/ListView.tsx(432,33): error TS17004: Cannot use JSX unless the '--jsx' flag is provided.
components/ListView.tsx(439,35): error TS17004: Cannot use JSX unless the '--jsx' flag is provided.
components/ListView.tsx(443,35): error TS17004: Cannot use JSX unless the '--jsx' flag is provided.
components/ListView.tsx(444,37): error TS17004: Cannot use JSX unless the '--jsx' flag is provided.
components/ListView.tsx(445,37): error TS17004: Cannot use JSX unless the '--jsx' flag is provided.
components/ListView.tsx(446,39): error TS17004: Cannot use JSX unless the '--jsx' flag is provided.
components/ListView.tsx(448,39): error TS17004: Cannot use JSX unless the '--jsx' flag is provided.
components/ListView.tsx(449,41): error TS17004: Cannot use JSX unless the '--jsx' flag is provided.
components/ListView.tsx(458,43): error TS17004: Cannot use JSX unless the '--jsx' flag is provided.
components/ListView.tsx(460,41): error TS17004: Cannot use JSX unless the '--jsx' flag is provided.
components/ListView.tsx(468,43): error TS17004: Cannot use JSX unless the '--jsx' flag is provided.
components/ListView.tsx(470,41): error TS17004: Cannot use JSX unless the '--jsx' flag is provided.
components/ListView.tsx(471,43): error TS17004: Cannot use JSX unless the '--jsx' flag is provided.
components/ListView.tsx(475,39): error TS17004: Cannot use JSX unless the '--jsx' flag is provided.
components/ListView.tsx(477,39): error TS17004: Cannot use JSX unless the '--jsx' flag is provided.
components/ListView.tsx(478,41): error TS17004: Cannot use JSX unless the '--jsx' flag is provided.
components/ListView.tsx(485,43): error TS17004: Cannot use JSX unless the '--jsx' flag is provided.
components/ListView.tsx(487,41): error TS17004: Cannot use JSX unless the '--jsx' flag is provided.
components/ListView.tsx(494,43): error TS17004: Cannot use JSX unless the '--jsx' flag is provided.
components/ListView.tsx(498,39): error TS17004: Cannot use JSX unless the '--jsx' flag is provided.
components/ListView.tsx(500,39): error TS17004: Cannot use JSX unless the '--jsx' flag is provided.
components/ListView.tsx(501,41): error TS17004: Cannot use JSX unless the '--jsx' flag is provided.
components/ListView.tsx(508,43): error TS17004: Cannot use JSX unless the '--jsx' flag is provided.
components/ListView.tsx(510,41): error TS17004: Cannot use JSX unless the '--jsx' flag is provided.
components/ListView.tsx(517,43): error TS17004: Cannot use JSX unless the '--jsx' flag is provided.
components/ListView.tsx(528,29): error TS17004: Cannot use JSX unless the '--jsx' flag is provided.
components/ListView.tsx(529,31): error TS17004: Cannot use JSX unless the '--jsx' flag is provided.
components/ListView.tsx(530,33): error TS17004: Cannot use JSX unless the '--jsx' flag is provided.
components/ListView.tsx(531,35): error TS17004: Cannot use JSX unless the '--jsx' flag is provided.
components/ListView.tsx(532,37): error TS17004: Cannot use JSX unless the '--jsx' flag is provided.
components/ListView.tsx(534,39): error TS17004: Cannot use JSX unless the '--jsx' flag is provided.
components/ListView.tsx(536,37): error TS17004: Cannot use JSX unless the '--jsx' flag is provided.
components/ListView.tsx(540,39): error TS17004: Cannot use JSX unless the '--jsx' flag is provided.
components/ListView.tsx(544,33): error TS17004: Cannot use JSX unless the '--jsx' flag is provided.
components/ListView.tsx(546,37): error TS17004: Cannot use JSX unless the '--jsx' flag is provided.
components/ListView.tsx(547,39): error TS17004: Cannot use JSX unless the '--jsx' flag is provided.
components/ListView.tsx(553,41): error TS17004: Cannot use JSX unless the '--jsx' flag is provided.
components/ListView.tsx(554,43): error TS17004: Cannot use JSX unless the '--jsx' flag is provided.
components/ListView.tsx(556,45): error TS17004: Cannot use JSX unless the '--jsx' flag is provided.
components/ListView.tsx(557,47): error TS17004: Cannot use JSX unless the '--jsx' flag is provided.
components/ListView.tsx(565,51): error TS17004: Cannot use JSX unless the '--jsx' flag is provided.
components/ListView.tsx(567,51): error TS17004: Cannot use JSX unless the '--jsx' flag is provided.
components/ListView.tsx(570,47): error TS17004: Cannot use JSX unless the '--jsx' flag is provided.
components/ListView.tsx(577,49): error TS17004: Cannot use JSX unless the '--jsx' flag is provided.
components/ListView.tsx(581,45): error TS17004: Cannot use JSX unless the '--jsx' flag is provided.
components/ListView.tsx(582,45): error TS17004: Cannot use JSX unless the '--jsx' flag is provided.
components/ListView.tsx(586,47): error TS17004: Cannot use JSX unless the '--jsx' flag is provided.
components/ListView.tsx(587,49): error TS17004: Cannot use JSX unless the '--jsx' flag is provided.
components/ListView.tsx(589,51): error TS17004: Cannot use JSX unless the '--jsx' flag is provided.
components/ListView.tsx(595,45): error TS17004: Cannot use JSX unless the '--jsx' flag is provided.
components/ListView.tsx(596,47): error TS17004: Cannot use JSX unless the '--jsx' flag is provided.
components/ListView.tsx(600,49): error TS17004: Cannot use JSX unless the '--jsx' flag is provided.
components/ListView.tsx(602,47): error TS17004: Cannot use JSX unless the '--jsx' flag is provided.
components/ListView.tsx(606,49): error TS17004: Cannot use JSX unless the '--jsx' flag is provided.
components/ListView.tsx(612,43): error TS17004: Cannot use JSX unless the '--jsx' flag is provided.
components/ListView.tsx(613,45): error TS17004: Cannot use JSX unless the '--jsx' flag is provided.
components/ListView.tsx(615,49): error TS17004: Cannot use JSX unless the '--jsx' flag is provided.
components/ListView.tsx(616,51): error TS17004: Cannot use JSX unless the '--jsx' flag is provided.
components/ListView.tsx(619,70): error TS17004: Cannot use JSX unless the '--jsx' flag is provided.
components/ListView.tsx(620,70): error TS17004: Cannot use JSX unless the '--jsx' flag is provided.
components/ListView.tsx(621,103): error TS17004: Cannot use JSX unless the '--jsx' flag is provided.
components/ListView.tsx(625,41): error TS17004: Cannot use JSX unless the '--jsx' flag is provided.
components/ListView.tsx(626,43): error TS17004: Cannot use JSX unless the '--jsx' flag is provided.
components/ListView.tsx(634,37): error TS17004: Cannot use JSX unless the '--jsx' flag is provided.
components/ListView.tsx(635,39): error TS17004: Cannot use JSX unless the '--jsx' flag is provided.
components/ListView.tsx(636,41): error TS17004: Cannot use JSX unless the '--jsx' flag is provided.
components/ListView.tsx(637,43): error TS17004: Cannot use JSX unless the '--jsx' flag is provided.
components/ListView.tsx(638,43): error TS17004: Cannot use JSX unless the '--jsx' flag is provided.
components/ListView.tsx(658,43): error TS17004: Cannot use JSX unless the '--jsx' flag is provided.
components/ListView.tsx(659,45): error TS17004: Cannot use JSX unless the '--jsx' flag is provided.
components/ListView.tsx(660,47): error TS17004: Cannot use JSX unless the '--jsx' flag is provided.
components/ListView.tsx(660,189): error TS17004: Cannot use JSX unless the '--jsx' flag is provided.
components/ListView.tsx(661,47): error TS17004: Cannot use JSX unless the '--jsx' flag is provided.
components/ListView.tsx(661,189): error TS17004: Cannot use JSX unless the '--jsx' flag is provided.
components/ListView.tsx(662,47): error TS17004: Cannot use JSX unless the '--jsx' flag is provided.
components/ListView.tsx(662,189): error TS17004: Cannot use JSX unless the '--jsx' flag is provided.
components/ListView.tsx(663,47): error TS17004: Cannot use JSX unless the '--jsx' flag is provided.
components/ListView.tsx(663,189): error TS17004: Cannot use JSX unless the '--jsx' flag is provided.
components/ListView.tsx(664,47): error TS17004: Cannot use JSX unless the '--jsx' flag is provided.
components/ListView.tsx(664,189): error TS17004: Cannot use JSX unless the '--jsx' flag is provided.
components/ListView.tsx(666,45): error TS17004: Cannot use JSX unless the '--jsx' flag is provided.
components/ListView.tsx(667,47): error TS17004: Cannot use JSX unless the '--jsx' flag is provided.
components/ListView.tsx(668,47): error TS17004: Cannot use JSX unless the '--jsx' flag is provided.
components/ListView.tsx(678,54): error TS17004: Cannot use JSX unless the '--jsx' flag is provided.
components/ListView.tsx(688,31): error TS17004: Cannot use JSX unless the '--jsx' flag is provided.
components/ListView.tsx(692,33): error TS17004: Cannot use JSX unless the '--jsx' flag is provided.
components/ListView.tsx(693,33): error TS17004: Cannot use JSX unless the '--jsx' flag is provided.
components/ListView.tsx(709,9): error TS17004: Cannot use JSX unless the '--jsx' flag is provided.
components/ListView.tsx(712,15): error TS17004: Cannot use JSX unless the '--jsx' flag is provided.
components/ListView.tsx(713,17): error TS17004: Cannot use JSX unless the '--jsx' flag is provided.
components/ListView.tsx(714,17): error TS17004: Cannot use JSX unless the '--jsx' flag is provided.
components/ListView.tsx(741,15): error TS17004: Cannot use JSX unless the '--jsx' flag is provided.
components/ListView.tsx(745,17): error TS17004: Cannot use JSX unless the '--jsx' flag is provided.
components/ListView.tsx(746,17): error TS17004: Cannot use JSX unless the '--jsx' flag is provided.
components/ListView.tsx(751,9): error TS17004: Cannot use JSX unless the '--jsx' flag is provided.
components/ListView.tsx(756,9): error TS17004: Cannot use JSX unless the '--jsx' flag is provided.
components/ListView.tsx(761,11): error TS17004: Cannot use JSX unless the '--jsx' flag is provided.
components/ListView.tsx(762,13): error TS17004: Cannot use JSX unless the '--jsx' flag is provided.
components/ListView.tsx(763,15): error TS17004: Cannot use JSX unless the '--jsx' flag is provided.
components/ListView.tsx(770,17): error TS17004: Cannot use JSX unless the '--jsx' flag is provided.
components/ListView.tsx(772,15): error TS17004: Cannot use JSX unless the '--jsx' flag is provided.
components/ListView.tsx(774,13): error TS17004: Cannot use JSX unless the '--jsx' flag is provided.
components/ListView.tsx(781,15): error TS17004: Cannot use JSX unless the '--jsx' flag is provided.
components/ListView.tsx(786,11): error TS17004: Cannot use JSX unless the '--jsx' flag is provided.
components/ListView.tsx(787,13): error TS17004: Cannot use JSX unless the '--jsx' flag is provided.
components/ListView.tsx(788,15): error TS17004: Cannot use JSX unless the '--jsx' flag is provided.
components/ListView.tsx(789,15): error TS17004: Cannot use JSX unless the '--jsx' flag is provided.
components/ListView.tsx(798,11): error TS17004: Cannot use JSX unless the '--jsx' flag is provided.
components/ListView.tsx(800,13): error TS17004: Cannot use JSX unless the '--jsx' flag is provided.
components/ListView.tsx(801,15): error TS17004: Cannot use JSX unless the '--jsx' flag is provided.
components/ListView.tsx(802,15): error TS17004: Cannot use JSX unless the '--jsx' flag is provided.
components/ListView.tsx(806,13): error TS17004: Cannot use JSX unless the '--jsx' flag is provided.
components/ListView.tsx(807,15): error TS17004: Cannot use JSX unless the '--jsx' flag is provided.
components/ListView.tsx(810,45): error TS17004: Cannot use JSX unless the '--jsx' flag is provided.
components/ListView.tsx(811,49): error TS17004: Cannot use JSX unless the '--jsx' flag is provided.
components/ListView.tsx(812,53): error TS17004: Cannot use JSX unless the '--jsx' flag is provided.
components/ListView.tsx(814,19): error TS17004: Cannot use JSX unless the '--jsx' flag is provided.
components/ListView.tsx(820,21): error TS17004: Cannot use JSX unless the '--jsx' flag is provided.
components/ListView.tsx(827,13): error TS17004: Cannot use JSX unless the '--jsx' flag is provided.
components/ListView.tsx(828,15): error TS17004: Cannot use JSX unless the '--jsx' flag is provided.
components/ListView.tsx(831,46): error TS17004: Cannot use JSX unless the '--jsx' flag is provided.
components/ListView.tsx(832,42): error TS17004: Cannot use JSX unless the '--jsx' flag is provided.
components/ListView.tsx(833,42): error TS17004: Cannot use JSX unless the '--jsx' flag is provided.
components/ListView.tsx(834,59): error TS17004: Cannot use JSX unless the '--jsx' flag is provided.
components/ListView.tsx(835,44): error TS17004: Cannot use JSX unless the '--jsx' flag is provided.
components/ListView.tsx(836,44): error TS17004: Cannot use JSX unless the '--jsx' flag is provided.
components/ListView.tsx(837,46): error TS17004: Cannot use JSX unless the '--jsx' flag is provided.
components/ListView.tsx(838,43): error TS17004: Cannot use JSX unless the '--jsx' flag is provided.
components/ListView.tsx(839,45): error TS17004: Cannot use JSX unless the '--jsx' flag is provided.
components/ListView.tsx(840,45): error TS17004: Cannot use JSX unless the '--jsx' flag is provided.
components/ListView.tsx(841,43): error TS17004: Cannot use JSX unless the '--jsx' flag is provided.
components/ListView.tsx(842,50): error TS17004: Cannot use JSX unless the '--jsx' flag is provided.
components/ListView.tsx(843,44): error TS17004: Cannot use JSX unless the '--jsx' flag is provided.
components/ListView.tsx(844,53): error TS17004: Cannot use JSX unless the '--jsx' flag is provided.
components/ListView.tsx(845,43): error TS17004: Cannot use JSX unless the '--jsx' flag is provided.
components/ListView.tsx(846,43): error TS17004: Cannot use JSX unless the '--jsx' flag is provided.
components/ListView.tsx(847,50): error TS17004: Cannot use JSX unless the '--jsx' flag is provided.
components/ListView.tsx(849,19): error TS17004: Cannot use JSX unless the '--jsx' flag is provided.
components/ListView.tsx(855,21): error TS17004: Cannot use JSX unless the '--jsx' flag is provided.
components/ListView.tsx(864,9): error TS17004: Cannot use JSX unless the '--jsx' flag is provided.
components/ListView.tsx(869,9): error TS17004: Cannot use JSX unless the '--jsx' flag is provided.
components/ListView.tsx(874,11): error TS17004: Cannot use JSX unless the '--jsx' flag is provided.
components/ListView.tsx(875,13): error TS17004: Cannot use JSX unless the '--jsx' flag is provided.
components/ListView.tsx(876,15): error TS17004: Cannot use JSX unless the '--jsx' flag is provided.
components/ListView.tsx(877,17): error TS17004: Cannot use JSX unless the '--jsx' flag is provided.
components/ListView.tsx(879,15): error TS17004: Cannot use JSX unless the '--jsx' flag is provided.
components/ListView.tsx(881,13): error TS17004: Cannot use JSX unless the '--jsx' flag is provided.
components/ListView.tsx(882,15): error TS17004: Cannot use JSX unless the '--jsx' flag is provided.
components/ListView.tsx(887,11): error TS17004: Cannot use JSX unless the '--jsx' flag is provided.
components/ListView.tsx(888,13): error TS17004: Cannot use JSX unless the '--jsx' flag is provided.
components/ListView.tsx(889,15): error TS17004: Cannot use JSX unless the '--jsx' flag is provided.
components/ListView.tsx(890,15): error TS17004: Cannot use JSX unless the '--jsx' flag is provided.
components/ListView.tsx(901,11): error TS17004: Cannot use JSX unless the '--jsx' flag is provided.
components/ListView.tsx(903,13): error TS17004: Cannot use JSX unless the '--jsx' flag is provided.
components/ListView.tsx(904,15): error TS17004: Cannot use JSX unless the '--jsx' flag is provided.
components/ListView.tsx(905,17): error TS17004: Cannot use JSX unless the '--jsx' flag is provided.
components/ListView.tsx(906,17): error TS17004: Cannot use JSX unless the '--jsx' flag is provided.
components/ListView.tsx(915,47): error TS17004: Cannot use JSX unless the '--jsx' flag is provided.
components/ListView.tsx(916,46): error TS17004: Cannot use JSX unless the '--jsx' flag is provided.
components/ListView.tsx(917,46): error TS17004: Cannot use JSX unless the '--jsx' flag is provided.
components/ListView.tsx(918,46): error TS17004: Cannot use JSX unless the '--jsx' flag is provided.
components/ListView.tsx(919,127): error TS17004: Cannot use JSX unless the '--jsx' flag is provided.
components/ListView.tsx(921,19): error TS17004: Cannot use JSX unless the '--jsx' flag is provided.
components/ListView.tsx(922,21): error TS17004: Cannot use JSX unless the '--jsx' flag is provided.
components/ListView.tsx(923,23): error TS17004: Cannot use JSX unless the '--jsx' flag is provided.
components/ListView.tsx(925,23): error TS17004: Cannot use JSX unless the '--jsx' flag is provided.
components/ListView.tsx(928,23): error TS17004: Cannot use JSX unless the '--jsx' flag is provided.
components/ListView.tsx(938,25): error TS17004: Cannot use JSX unless the '--jsx' flag is provided.
components/ListView.tsx(942,23): error TS17004: Cannot use JSX unless the '--jsx' flag is provided.
components/ListView.tsx(943,25): error TS17004: Cannot use JSX unless the '--jsx' flag is provided.
components/ListView.tsx(952,13): error TS17004: Cannot use JSX unless the '--jsx' flag is provided.
components/ListView.tsx(953,15): error TS17004: Cannot use JSX unless the '--jsx' flag is provided.
components/ListView.tsx(956,46): error TS17004: Cannot use JSX unless the '--jsx' flag is provided.
components/ListView.tsx(957,50): error TS17004: Cannot use JSX unless the '--jsx' flag is provided.
components/ListView.tsx(958,51): error TS17004: Cannot use JSX unless the '--jsx' flag is provided.
components/ListView.tsx(959,44): error TS17004: Cannot use JSX unless the '--jsx' flag is provided.
components/ListView.tsx(961,19): error TS17004: Cannot use JSX unless the '--jsx' flag is provided.
components/ListView.tsx(962,21): error TS17004: Cannot use JSX unless the '--jsx' flag is provided.
components/ListView.tsx(963,23): error TS17004: Cannot use JSX unless the '--jsx' flag is provided.
components/ListView.tsx(965,23): error TS17004: Cannot use JSX unless the '--jsx' flag is provided.
components/ListView.tsx(967,21): error TS17004: Cannot use JSX unless the '--jsx' flag is provided.
components/ListView.tsx(977,23): error TS17004: Cannot use JSX unless the '--jsx' flag is provided.
components/ListView.tsx(985,13): error TS17004: Cannot use JSX unless the '--jsx' flag is provided.
components/ListView.tsx(986,15): error TS17004: Cannot use JSX unless the '--jsx' flag is provided.
components/ListView.tsx(989,55): error TS17004: Cannot use JSX unless the '--jsx' flag is provided.
components/ListView.tsx(990,48): error TS17004: Cannot use JSX unless the '--jsx' flag is provided.
components/ListView.tsx(991,52): error TS17004: Cannot use JSX unless the '--jsx' flag is provided.
components/ListView.tsx(992,49): error TS17004: Cannot use JSX unless the '--jsx' flag is provided.
components/ListView.tsx(993,47): error TS17004: Cannot use JSX unless the '--jsx' flag is provided.
components/ListView.tsx(994,50): error TS17004: Cannot use JSX unless the '--jsx' flag is provided.
components/ListView.tsx(995,50): error TS17004: Cannot use JSX unless the '--jsx' flag is provided.
components/ListView.tsx(996,52): error TS17004: Cannot use JSX unless the '--jsx' flag is provided.
components/ListView.tsx(997,49): error TS17004: Cannot use JSX unless the '--jsx' flag is provided.
components/ListView.tsx(998,50): error TS17004: Cannot use JSX unless the '--jsx' flag is provided.
components/ListView.tsx(1000,19): error TS17004: Cannot use JSX unless the '--jsx' flag is provided.
components/ListView.tsx(1001,21): error TS17004: Cannot use JSX unless the '--jsx' flag is provided.
components/ListView.tsx(1002,23): error TS17004: Cannot use JSX unless the '--jsx' flag is provided.
components/ListView.tsx(1004,23): error TS17004: Cannot use JSX unless the '--jsx' flag is provided.
components/ListView.tsx(1006,21): error TS17004: Cannot use JSX unless the '--jsx' flag is provided.
components/ListView.tsx(1016,23): error TS17004: Cannot use JSX unless the '--jsx' flag is provided.
components/ListView.tsx(1025,11): error TS17004: Cannot use JSX unless the '--jsx' flag is provided.
components/ListView.tsx(1026,13): error TS17004: Cannot use JSX unless the '--jsx' flag is provided.
