components/ListView.tsx(233,5): error TS17004: Cannot use JSX unless the '--jsx' flag is provided.
components/ListView.tsx(234,7): error TS17004: Cannot use JSX unless the '--jsx' flag is provided.
components/ListView.tsx(236,9): error TS17004: Cannot use JSX unless the '--jsx' flag is provided.
components/ListView.tsx(237,11): error TS17004: Cannot use JSX unless the '--jsx' flag is provided.
components/ListView.tsx(238,13): error TS17004: Cannot use JSX unless the '--jsx' flag is provided.
components/ListView.tsx(242,15): error TS17004: Cannot use JSX unless the '--jsx' flag is provided.
components/ListView.tsx(247,15): error TS17004: Cannot use JSX unless the '--jsx' flag is provided.
components/ListView.tsx(248,17): error TS17004: Cannot use JSX unless the '--jsx' flag is provided.
components/ListView.tsx(249,17): error TS17004: Cannot use JSX unless the '--jsx' flag is provided.
components/ListView.tsx(250,19): error TS17004: Cannot use JSX unless the '--jsx' flag is provided.
components/ListView.tsx(252,19): error TS17004: Cannot use JSX unless the '--jsx' flag is provided.
components/ListView.tsx(254,21): error TS17004: Cannot use JSX unless the '--jsx' flag is provided.
components/ListView.tsx(255,23): error TS17004: Cannot use JSX unless the '--jsx' flag is provided.
components/ListView.tsx(262,25): error TS17004: Cannot use JSX unless the '--jsx' flag is provided.
components/ListView.tsx(263,27): error TS17004: Cannot use JSX unless the '--jsx' flag is provided.
components/ListView.tsx(264,27): error TS17004: Cannot use JSX unless the '--jsx' flag is provided.
components/ListView.tsx(266,25): error TS17004: Cannot use JSX unless the '--jsx' flag is provided.
components/ListView.tsx(270,25): error TS17004: Cannot use JSX unless the '--jsx' flag is provided.
components/ListView.tsx(272,29): error TS17004: Cannot use JSX unless the '--jsx' flag is provided.
components/ListView.tsx(280,31): error TS17004: Cannot use JSX unless the '--jsx' flag is provided.
components/ListView.tsx(281,55): error TS17004: Cannot use JSX unless the '--jsx' flag is provided.
components/ListView.tsx(282,57): error TS17004: Cannot use JSX unless the '--jsx' flag is provided.
components/ListView.tsx(283,57): error TS17004: Cannot use JSX unless the '--jsx' flag is provided.
components/ListView.tsx(284,53): error TS17004: Cannot use JSX unless the '--jsx' flag is provided.
components/ListView.tsx(285,57): error TS17004: Cannot use JSX unless the '--jsx' flag is provided.
components/ListView.tsx(286,58): error TS17004: Cannot use JSX unless the '--jsx' flag is provided.
components/ListView.tsx(287,33): error TS17004: Cannot use JSX unless the '--jsx' flag is provided.
components/ListView.tsx(289,61): error TS17004: Cannot use JSX unless the '--jsx' flag is provided.
components/ListView.tsx(297,21): error TS17004: Cannot use JSX unless the '--jsx' flag is provided.
components/ListView.tsx(298,23): error TS17004: Cannot use JSX unless the '--jsx' flag is provided.
components/ListView.tsx(305,25): error TS17004: Cannot use JSX unless the '--jsx' flag is provided.
components/ListView.tsx(306,25): error TS17004: Cannot use JSX unless the '--jsx' flag is provided.
components/ListView.tsx(310,25): error TS17004: Cannot use JSX unless the '--jsx' flag is provided.
components/ListView.tsx(312,29): error TS17004: Cannot use JSX unless the '--jsx' flag is provided.
components/ListView.tsx(320,31): error TS17004: Cannot use JSX unless the '--jsx' flag is provided.
components/ListView.tsx(321,58): error TS17004: Cannot use JSX unless the '--jsx' flag is provided.
components/ListView.tsx(329,21): error TS17004: Cannot use JSX unless the '--jsx' flag is provided.
components/ListView.tsx(338,23): error TS17004: Cannot use JSX unless the '--jsx' flag is provided.
components/ListView.tsx(345,11): error TS17004: Cannot use JSX unless the '--jsx' flag is provided.
components/ListView.tsx(349,13): error TS17004: Cannot use JSX unless the '--jsx' flag is provided.
components/ListView.tsx(352,15): error TS17004: Cannot use JSX unless the '--jsx' flag is provided.
components/ListView.tsx(353,17): error TS17004: Cannot use JSX unless the '--jsx' flag is provided.
components/ListView.tsx(355,19): error TS17004: Cannot use JSX unless the '--jsx' flag is provided.
components/ListView.tsx(364,21): error TS17004: Cannot use JSX unless the '--jsx' flag is provided.
components/ListView.tsx(365,23): error TS17004: Cannot use JSX unless the '--jsx' flag is provided.
components/ListView.tsx(366,50): error TS17004: Cannot use JSX unless the '--jsx' flag is provided.
components/ListView.tsx(368,49): error TS17004: Cannot use JSX unless the '--jsx' flag is provided.
components/ListView.tsx(371,17): error TS17004: Cannot use JSX unless the '--jsx' flag is provided.
components/ListView.tsx(375,11): error TS17004: Cannot use JSX unless the '--jsx' flag is provided.
components/ListView.tsx(379,13): error TS17004: Cannot use JSX unless the '--jsx' flag is provided.
components/ListView.tsx(384,9): error TS17004: Cannot use JSX unless the '--jsx' flag is provided.
components/ListView.tsx(384,10): error TS2741: Property 'children' is missing in type '{ onDragEnd: (result: DropResult<string>) => void; }' but required in type 'DragDropContextProps'.
components/ListView.tsx(385,11): error TS17004: Cannot use JSX unless the '--jsx' flag is provided.
components/ListView.tsx(387,15): error TS17004: Cannot use JSX unless the '--jsx' flag is provided.
components/ListView.tsx(394,21): error TS17004: Cannot use JSX unless the '--jsx' flag is provided.
components/ListView.tsx(394,32): error TS2322: Type '{ key: any; draggableId: any; index: number; isDragDisabled: boolean; }' is not assignable to type 'DraggableProps'.
  Property 'key' does not exist on type 'DraggableProps'.
components/ListView.tsx(396,25): error TS17004: Cannot use JSX unless the '--jsx' flag is provided.
components/ListView.tsx(397,27): error TS17004: Cannot use JSX unless the '--jsx' flag is provided.
components/ListView.tsx(402,57): error TS17004: Cannot use JSX unless the '--jsx' flag is provided.
components/ListView.tsx(402,130): error TS17004: Cannot use JSX unless the '--jsx' flag is provided.
components/ListView.tsx(403,29): error TS17004: Cannot use JSX unless the '--jsx' flag is provided.
components/ListView.tsx(404,31): error TS17004: Cannot use JSX unless the '--jsx' flag is provided.
components/ListView.tsx(411,33): error TS17004: Cannot use JSX unless the '--jsx' flag is provided.
components/ListView.tsx(428,33): error TS17004: Cannot use JSX unless the '--jsx' flag is provided.
components/ListView.tsx(433,29): error TS17004: Cannot use JSX unless the '--jsx' flag is provided.
components/ListView.tsx(435,29): error TS17004: Cannot use JSX unless the '--jsx' flag is provided.
components/ListView.tsx(436,31): error TS17004: Cannot use JSX unless the '--jsx' flag is provided.
components/ListView.tsx(437,33): error TS17004: Cannot use JSX unless the '--jsx' flag is provided.
components/ListView.tsx(444,35): error TS17004: Cannot use JSX unless the '--jsx' flag is provided.
components/ListView.tsx(448,35): error TS17004: Cannot use JSX unless the '--jsx' flag is provided.
components/ListView.tsx(449,37): error TS17004: Cannot use JSX unless the '--jsx' flag is provided.
components/ListView.tsx(450,37): error TS17004: Cannot use JSX unless the '--jsx' flag is provided.
components/ListView.tsx(451,39): error TS17004: Cannot use JSX unless the '--jsx' flag is provided.
components/ListView.tsx(453,39): error TS17004: Cannot use JSX unless the '--jsx' flag is provided.
components/ListView.tsx(454,41): error TS17004: Cannot use JSX unless the '--jsx' flag is provided.
components/ListView.tsx(463,43): error TS17004: Cannot use JSX unless the '--jsx' flag is provided.
components/ListView.tsx(465,41): error TS17004: Cannot use JSX unless the '--jsx' flag is provided.
components/ListView.tsx(473,43): error TS17004: Cannot use JSX unless the '--jsx' flag is provided.
components/ListView.tsx(475,41): error TS17004: Cannot use JSX unless the '--jsx' flag is provided.
components/ListView.tsx(476,43): error TS17004: Cannot use JSX unless the '--jsx' flag is provided.
components/ListView.tsx(480,39): error TS17004: Cannot use JSX unless the '--jsx' flag is provided.
components/ListView.tsx(482,39): error TS17004: Cannot use JSX unless the '--jsx' flag is provided.
components/ListView.tsx(483,41): error TS17004: Cannot use JSX unless the '--jsx' flag is provided.
components/ListView.tsx(490,43): error TS17004: Cannot use JSX unless the '--jsx' flag is provided.
components/ListView.tsx(492,41): error TS17004: Cannot use JSX unless the '--jsx' flag is provided.
components/ListView.tsx(499,43): error TS17004: Cannot use JSX unless the '--jsx' flag is provided.
components/ListView.tsx(503,39): error TS17004: Cannot use JSX unless the '--jsx' flag is provided.
components/ListView.tsx(505,39): error TS17004: Cannot use JSX unless the '--jsx' flag is provided.
components/ListView.tsx(506,41): error TS17004: Cannot use JSX unless the '--jsx' flag is provided.
components/ListView.tsx(513,43): error TS17004: Cannot use JSX unless the '--jsx' flag is provided.
components/ListView.tsx(515,41): error TS17004: Cannot use JSX unless the '--jsx' flag is provided.
components/ListView.tsx(522,43): error TS17004: Cannot use JSX unless the '--jsx' flag is provided.
components/ListView.tsx(533,29): error TS17004: Cannot use JSX unless the '--jsx' flag is provided.
components/ListView.tsx(534,31): error TS17004: Cannot use JSX unless the '--jsx' flag is provided.
components/ListView.tsx(535,33): error TS17004: Cannot use JSX unless the '--jsx' flag is provided.
components/ListView.tsx(536,35): error TS17004: Cannot use JSX unless the '--jsx' flag is provided.
components/ListView.tsx(537,37): error TS17004: Cannot use JSX unless the '--jsx' flag is provided.
components/ListView.tsx(539,39): error TS17004: Cannot use JSX unless the '--jsx' flag is provided.
components/ListView.tsx(541,37): error TS17004: Cannot use JSX unless the '--jsx' flag is provided.
components/ListView.tsx(545,39): error TS17004: Cannot use JSX unless the '--jsx' flag is provided.
components/ListView.tsx(549,33): error TS17004: Cannot use JSX unless the '--jsx' flag is provided.
components/ListView.tsx(551,37): error TS17004: Cannot use JSX unless the '--jsx' flag is provided.
components/ListView.tsx(552,39): error TS17004: Cannot use JSX unless the '--jsx' flag is provided.
components/ListView.tsx(558,41): error TS17004: Cannot use JSX unless the '--jsx' flag is provided.
components/ListView.tsx(559,43): error TS17004: Cannot use JSX unless the '--jsx' flag is provided.
components/ListView.tsx(561,45): error TS17004: Cannot use JSX unless the '--jsx' flag is provided.
components/ListView.tsx(562,47): error TS17004: Cannot use JSX unless the '--jsx' flag is provided.
components/ListView.tsx(570,51): error TS17004: Cannot use JSX unless the '--jsx' flag is provided.
components/ListView.tsx(572,51): error TS17004: Cannot use JSX unless the '--jsx' flag is provided.
components/ListView.tsx(575,47): error TS17004: Cannot use JSX unless the '--jsx' flag is provided.
components/ListView.tsx(582,49): error TS17004: Cannot use JSX unless the '--jsx' flag is provided.
components/ListView.tsx(586,45): error TS17004: Cannot use JSX unless the '--jsx' flag is provided.
components/ListView.tsx(587,45): error TS17004: Cannot use JSX unless the '--jsx' flag is provided.
components/ListView.tsx(591,47): error TS17004: Cannot use JSX unless the '--jsx' flag is provided.
components/ListView.tsx(592,49): error TS17004: Cannot use JSX unless the '--jsx' flag is provided.
components/ListView.tsx(594,51): error TS17004: Cannot use JSX unless the '--jsx' flag is provided.
components/ListView.tsx(600,45): error TS17004: Cannot use JSX unless the '--jsx' flag is provided.
components/ListView.tsx(601,47): error TS17004: Cannot use JSX unless the '--jsx' flag is provided.
components/ListView.tsx(605,49): error TS17004: Cannot use JSX unless the '--jsx' flag is provided.
components/ListView.tsx(607,47): error TS17004: Cannot use JSX unless the '--jsx' flag is provided.
components/ListView.tsx(611,49): error TS17004: Cannot use JSX unless the '--jsx' flag is provided.
components/ListView.tsx(617,43): error TS17004: Cannot use JSX unless the '--jsx' flag is provided.
components/ListView.tsx(618,45): error TS17004: Cannot use JSX unless the '--jsx' flag is provided.
components/ListView.tsx(620,49): error TS17004: Cannot use JSX unless the '--jsx' flag is provided.
components/ListView.tsx(621,51): error TS17004: Cannot use JSX unless the '--jsx' flag is provided.
components/ListView.tsx(631,57): error TS17004: Cannot use JSX unless the '--jsx' flag is provided.
components/ListView.tsx(633,57): error TS17004: Cannot use JSX unless the '--jsx' flag is provided.
components/ListView.tsx(638,55): error TS17004: Cannot use JSX unless the '--jsx' flag is provided.
components/ListView.tsx(643,53): error TS17004: Cannot use JSX unless the '--jsx' flag is provided.
components/ListView.tsx(644,55): error TS17004: Cannot use JSX unless the '--jsx' flag is provided.
components/ListView.tsx(645,55): error TS17004: Cannot use JSX unless the '--jsx' flag is provided.
components/ListView.tsx(647,57): error TS17004: Cannot use JSX unless the '--jsx' flag is provided.
components/ListView.tsx(648,59): error TS17004: Cannot use JSX unless the '--jsx' flag is provided.
components/ListView.tsx(649,61): error TS17004: Cannot use JSX unless the '--jsx' flag is provided.
components/ListView.tsx(650,61): error TS17004: Cannot use JSX unless the '--jsx' flag is provided.
components/ListView.tsx(663,57): error TS17004: Cannot use JSX unless the '--jsx' flag is provided.
components/ListView.tsx(665,59): error TS17004: Cannot use JSX unless the '--jsx' flag is provided.
components/ListView.tsx(666,61): error TS17004: Cannot use JSX unless the '--jsx' flag is provided.
components/ListView.tsx(668,63): error TS17004: Cannot use JSX unless the '--jsx' flag is provided.
components/ListView.tsx(677,65): error TS17004: Cannot use JSX unless the '--jsx' flag is provided.
components/ListView.tsx(680,65): error TS17004: Cannot use JSX unless the '--jsx' flag is provided.
components/ListView.tsx(681,67): error TS17004: Cannot use JSX unless the '--jsx' flag is provided.
components/ListView.tsx(682,82): error TS17004: Cannot use JSX unless the '--jsx' flag is provided.
components/ListView.tsx(684,99): error TS17004: Cannot use JSX unless the '--jsx' flag is provided.
components/ListView.tsx(690,59): error TS17004: Cannot use JSX unless the '--jsx' flag is provided.
components/ListView.tsx(691,61): error TS17004: Cannot use JSX unless the '--jsx' flag is provided.
components/ListView.tsx(693,63): error TS17004: Cannot use JSX unless the '--jsx' flag is provided.
components/ListView.tsx(701,65): error TS17004: Cannot use JSX unless the '--jsx' flag is provided.
components/ListView.tsx(702,67): error TS17004: Cannot use JSX unless the '--jsx' flag is provided.
components/ListView.tsx(705,67): error TS17004: Cannot use JSX unless the '--jsx' flag is provided.
components/ListView.tsx(707,65): error TS17004: Cannot use JSX unless the '--jsx' flag is provided.
components/ListView.tsx(714,57): error TS17004: Cannot use JSX unless the '--jsx' flag is provided.
components/ListView.tsx(715,59): error TS17004: Cannot use JSX unless the '--jsx' flag is provided.
components/ListView.tsx(719,61): error TS17004: Cannot use JSX unless the '--jsx' flag is provided.
components/ListView.tsx(720,63): error TS17004: Cannot use JSX unless the '--jsx' flag is provided.
components/ListView.tsx(722,61): error TS17004: Cannot use JSX unless the '--jsx' flag is provided.
components/ListView.tsx(730,70): error TS17004: Cannot use JSX unless the '--jsx' flag is provided.
components/ListView.tsx(731,70): error TS17004: Cannot use JSX unless the '--jsx' flag is provided.
components/ListView.tsx(732,103): error TS17004: Cannot use JSX unless the '--jsx' flag is provided.
components/ListView.tsx(736,41): error TS17004: Cannot use JSX unless the '--jsx' flag is provided.
components/ListView.tsx(737,43): error TS17004: Cannot use JSX unless the '--jsx' flag is provided.
components/ListView.tsx(745,37): error TS17004: Cannot use JSX unless the '--jsx' flag is provided.
components/ListView.tsx(746,39): error TS17004: Cannot use JSX unless the '--jsx' flag is provided.
components/ListView.tsx(747,41): error TS17004: Cannot use JSX unless the '--jsx' flag is provided.
components/ListView.tsx(748,43): error TS17004: Cannot use JSX unless the '--jsx' flag is provided.
components/ListView.tsx(749,43): error TS17004: Cannot use JSX unless the '--jsx' flag is provided.
components/ListView.tsx(769,43): error TS17004: Cannot use JSX unless the '--jsx' flag is provided.
components/ListView.tsx(770,45): error TS17004: Cannot use JSX unless the '--jsx' flag is provided.
components/ListView.tsx(771,47): error TS17004: Cannot use JSX unless the '--jsx' flag is provided.
components/ListView.tsx(771,189): error TS17004: Cannot use JSX unless the '--jsx' flag is provided.
components/ListView.tsx(772,47): error TS17004: Cannot use JSX unless the '--jsx' flag is provided.
components/ListView.tsx(772,189): error TS17004: Cannot use JSX unless the '--jsx' flag is provided.
components/ListView.tsx(773,47): error TS17004: Cannot use JSX unless the '--jsx' flag is provided.
components/ListView.tsx(773,189): error TS17004: Cannot use JSX unless the '--jsx' flag is provided.
components/ListView.tsx(774,47): error TS17004: Cannot use JSX unless the '--jsx' flag is provided.
components/ListView.tsx(774,189): error TS17004: Cannot use JSX unless the '--jsx' flag is provided.
components/ListView.tsx(775,47): error TS17004: Cannot use JSX unless the '--jsx' flag is provided.
components/ListView.tsx(775,189): error TS17004: Cannot use JSX unless the '--jsx' flag is provided.
components/ListView.tsx(777,45): error TS17004: Cannot use JSX unless the '--jsx' flag is provided.
components/ListView.tsx(778,47): error TS17004: Cannot use JSX unless the '--jsx' flag is provided.
components/ListView.tsx(779,47): error TS17004: Cannot use JSX unless the '--jsx' flag is provided.
components/ListView.tsx(789,54): error TS17004: Cannot use JSX unless the '--jsx' flag is provided.
components/ListView.tsx(799,31): error TS17004: Cannot use JSX unless the '--jsx' flag is provided.
components/ListView.tsx(803,33): error TS17004: Cannot use JSX unless the '--jsx' flag is provided.
components/ListView.tsx(804,33): error TS17004: Cannot use JSX unless the '--jsx' flag is provided.
components/ListView.tsx(820,9): error TS17004: Cannot use JSX unless the '--jsx' flag is provided.
components/ListView.tsx(823,15): error TS17004: Cannot use JSX unless the '--jsx' flag is provided.
components/ListView.tsx(824,17): error TS17004: Cannot use JSX unless the '--jsx' flag is provided.
components/ListView.tsx(825,17): error TS17004: Cannot use JSX unless the '--jsx' flag is provided.
components/ListView.tsx(852,15): error TS17004: Cannot use JSX unless the '--jsx' flag is provided.
components/ListView.tsx(856,17): error TS17004: Cannot use JSX unless the '--jsx' flag is provided.
components/ListView.tsx(857,17): error TS17004: Cannot use JSX unless the '--jsx' flag is provided.
components/ListView.tsx(862,9): error TS17004: Cannot use JSX unless the '--jsx' flag is provided.
components/ListView.tsx(867,9): error TS17004: Cannot use JSX unless the '--jsx' flag is provided.
components/ListView.tsx(872,11): error TS17004: Cannot use JSX unless the '--jsx' flag is provided.
components/ListView.tsx(873,13): error TS17004: Cannot use JSX unless the '--jsx' flag is provided.
components/ListView.tsx(874,15): error TS17004: Cannot use JSX unless the '--jsx' flag is provided.
components/ListView.tsx(881,17): error TS17004: Cannot use JSX unless the '--jsx' flag is provided.
components/ListView.tsx(883,15): error TS17004: Cannot use JSX unless the '--jsx' flag is provided.
components/ListView.tsx(885,13): error TS17004: Cannot use JSX unless the '--jsx' flag is provided.
components/ListView.tsx(892,15): error TS17004: Cannot use JSX unless the '--jsx' flag is provided.
components/ListView.tsx(897,11): error TS17004: Cannot use JSX unless the '--jsx' flag is provided.
components/ListView.tsx(898,13): error TS17004: Cannot use JSX unless the '--jsx' flag is provided.
components/ListView.tsx(899,15): error TS17004: Cannot use JSX unless the '--jsx' flag is provided.
components/ListView.tsx(900,15): error TS17004: Cannot use JSX unless the '--jsx' flag is provided.
components/ListView.tsx(909,11): error TS17004: Cannot use JSX unless the '--jsx' flag is provided.
components/ListView.tsx(911,13): error TS17004: Cannot use JSX unless the '--jsx' flag is provided.
components/ListView.tsx(912,15): error TS17004: Cannot use JSX unless the '--jsx' flag is provided.
components/ListView.tsx(913,15): error TS17004: Cannot use JSX unless the '--jsx' flag is provided.
components/ListView.tsx(917,13): error TS17004: Cannot use JSX unless the '--jsx' flag is provided.
components/ListView.tsx(918,15): error TS17004: Cannot use JSX unless the '--jsx' flag is provided.
components/ListView.tsx(921,45): error TS17004: Cannot use JSX unless the '--jsx' flag is provided.
components/ListView.tsx(922,49): error TS17004: Cannot use JSX unless the '--jsx' flag is provided.
components/ListView.tsx(923,53): error TS17004: Cannot use JSX unless the '--jsx' flag is provided.
components/ListView.tsx(925,19): error TS17004: Cannot use JSX unless the '--jsx' flag is provided.
components/ListView.tsx(931,21): error TS17004: Cannot use JSX unless the '--jsx' flag is provided.
components/ListView.tsx(938,13): error TS17004: Cannot use JSX unless the '--jsx' flag is provided.
components/ListView.tsx(939,15): error TS17004: Cannot use JSX unless the '--jsx' flag is provided.
components/ListView.tsx(942,46): error TS17004: Cannot use JSX unless the '--jsx' flag is provided.
components/ListView.tsx(943,42): error TS17004: Cannot use JSX unless the '--jsx' flag is provided.
components/ListView.tsx(944,42): error TS17004: Cannot use JSX unless the '--jsx' flag is provided.
components/ListView.tsx(945,59): error TS17004: Cannot use JSX unless the '--jsx' flag is provided.
components/ListView.tsx(946,44): error TS17004: Cannot use JSX unless the '--jsx' flag is provided.
components/ListView.tsx(947,44): error TS17004: Cannot use JSX unless the '--jsx' flag is provided.
components/ListView.tsx(948,46): error TS17004: Cannot use JSX unless the '--jsx' flag is provided.
components/ListView.tsx(949,43): error TS17004: Cannot use JSX unless the '--jsx' flag is provided.
components/ListView.tsx(950,45): error TS17004: Cannot use JSX unless the '--jsx' flag is provided.
components/ListView.tsx(951,45): error TS17004: Cannot use JSX unless the '--jsx' flag is provided.
components/ListView.tsx(952,43): error TS17004: Cannot use JSX unless the '--jsx' flag is provided.
components/ListView.tsx(953,50): error TS17004: Cannot use JSX unless the '--jsx' flag is provided.
components/ListView.tsx(954,44): error TS17004: Cannot use JSX unless the '--jsx' flag is provided.
components/ListView.tsx(955,53): error TS17004: Cannot use JSX unless the '--jsx' flag is provided.
components/ListView.tsx(956,43): error TS17004: Cannot use JSX unless the '--jsx' flag is provided.
components/ListView.tsx(957,43): error TS17004: Cannot use JSX unless the '--jsx' flag is provided.
components/ListView.tsx(958,50): error TS17004: Cannot use JSX unless the '--jsx' flag is provided.
components/ListView.tsx(960,19): error TS17004: Cannot use JSX unless the '--jsx' flag is provided.
components/ListView.tsx(966,21): error TS17004: Cannot use JSX unless the '--jsx' flag is provided.
components/ListView.tsx(975,9): error TS17004: Cannot use JSX unless the '--jsx' flag is provided.
components/ListView.tsx(980,9): error TS17004: Cannot use JSX unless the '--jsx' flag is provided.
components/ListView.tsx(985,11): error TS17004: Cannot use JSX unless the '--jsx' flag is provided.
components/ListView.tsx(986,13): error TS17004: Cannot use JSX unless the '--jsx' flag is provided.
components/ListView.tsx(987,15): error TS17004: Cannot use JSX unless the '--jsx' flag is provided.
components/ListView.tsx(988,17): error TS17004: Cannot use JSX unless the '--jsx' flag is provided.
components/ListView.tsx(990,15): error TS17004: Cannot use JSX unless the '--jsx' flag is provided.
components/ListView.tsx(992,13): error TS17004: Cannot use JSX unless the '--jsx' flag is provided.
components/ListView.tsx(993,15): error TS17004: Cannot use JSX unless the '--jsx' flag is provided.
components/ListView.tsx(998,11): error TS17004: Cannot use JSX unless the '--jsx' flag is provided.
components/ListView.tsx(999,13): error TS17004: Cannot use JSX unless the '--jsx' flag is provided.
components/ListView.tsx(1000,15): error TS17004: Cannot use JSX unless the '--jsx' flag is provided.
components/ListView.tsx(1001,15): error TS17004: Cannot use JSX unless the '--jsx' flag is provided.
components/ListView.tsx(1012,11): error TS17004: Cannot use JSX unless the '--jsx' flag is provided.
components/ListView.tsx(1014,13): error TS17004: Cannot use JSX unless the '--jsx' flag is provided.
components/ListView.tsx(1015,15): error TS17004: Cannot use JSX unless the '--jsx' flag is provided.
components/ListView.tsx(1016,17): error TS17004: Cannot use JSX unless the '--jsx' flag is provided.
components/ListView.tsx(1017,17): error TS17004: Cannot use JSX unless the '--jsx' flag is provided.
components/ListView.tsx(1026,47): error TS17004: Cannot use JSX unless the '--jsx' flag is provided.
components/ListView.tsx(1027,46): error TS17004: Cannot use JSX unless the '--jsx' flag is provided.
components/ListView.tsx(1028,46): error TS17004: Cannot use JSX unless the '--jsx' flag is provided.
components/ListView.tsx(1029,46): error TS17004: Cannot use JSX unless the '--jsx' flag is provided.
components/ListView.tsx(1030,127): error TS17004: Cannot use JSX unless the '--jsx' flag is provided.
components/ListView.tsx(1032,19): error TS17004: Cannot use JSX unless the '--jsx' flag is provided.
components/ListView.tsx(1033,21): error TS17004: Cannot use JSX unless the '--jsx' flag is provided.
components/ListView.tsx(1034,23): error TS17004: Cannot use JSX unless the '--jsx' flag is provided.
components/ListView.tsx(1036,23): error TS17004: Cannot use JSX unless the '--jsx' flag is provided.
components/ListView.tsx(1039,23): error TS17004: Cannot use JSX unless the '--jsx' flag is provided.
components/ListView.tsx(1049,25): error TS17004: Cannot use JSX unless the '--jsx' flag is provided.
components/ListView.tsx(1053,23): error TS17004: Cannot use JSX unless the '--jsx' flag is provided.
components/ListView.tsx(1054,25): error TS17004: Cannot use JSX unless the '--jsx' flag is provided.
components/ListView.tsx(1063,13): error TS17004: Cannot use JSX unless the '--jsx' flag is provided.
components/ListView.tsx(1064,15): error TS17004: Cannot use JSX unless the '--jsx' flag is provided.
components/ListView.tsx(1067,46): error TS17004: Cannot use JSX unless the '--jsx' flag is provided.
components/ListView.tsx(1068,50): error TS17004: Cannot use JSX unless the '--jsx' flag is provided.
components/ListView.tsx(1069,51): error TS17004: Cannot use JSX unless the '--jsx' flag is provided.
components/ListView.tsx(1070,44): error TS17004: Cannot use JSX unless the '--jsx' flag is provided.
components/ListView.tsx(1072,19): error TS17004: Cannot use JSX unless the '--jsx' flag is provided.
components/ListView.tsx(1073,21): error TS17004: Cannot use JSX unless the '--jsx' flag is provided.
components/ListView.tsx(1074,23): error TS17004: Cannot use JSX unless the '--jsx' flag is provided.
components/ListView.tsx(1076,23): error TS17004: Cannot use JSX unless the '--jsx' flag is provided.
components/ListView.tsx(1078,21): error TS17004: Cannot use JSX unless the '--jsx' flag is provided.
components/ListView.tsx(1088,23): error TS17004: Cannot use JSX unless the '--jsx' flag is provided.
components/ListView.tsx(1096,13): error TS17004: Cannot use JSX unless the '--jsx' flag is provided.
components/ListView.tsx(1097,15): error TS17004: Cannot use JSX unless the '--jsx' flag is provided.
components/ListView.tsx(1100,55): error TS17004: Cannot use JSX unless the '--jsx' flag is provided.
components/ListView.tsx(1101,48): error TS17004: Cannot use JSX unless the '--jsx' flag is provided.
components/ListView.tsx(1102,52): error TS17004: Cannot use JSX unless the '--jsx' flag is provided.
components/ListView.tsx(1103,49): error TS17004: Cannot use JSX unless the '--jsx' flag is provided.
components/ListView.tsx(1104,47): error TS17004: Cannot use JSX unless the '--jsx' flag is provided.
components/ListView.tsx(1105,50): error TS17004: Cannot use JSX unless the '--jsx' flag is provided.
components/ListView.tsx(1106,50): error TS17004: Cannot use JSX unless the '--jsx' flag is provided.
components/ListView.tsx(1107,52): error TS17004: Cannot use JSX unless the '--jsx' flag is provided.
components/ListView.tsx(1108,49): error TS17004: Cannot use JSX unless the '--jsx' flag is provided.
components/ListView.tsx(1109,50): error TS17004: Cannot use JSX unless the '--jsx' flag is provided.
components/ListView.tsx(1111,19): error TS17004: Cannot use JSX unless the '--jsx' flag is provided.
components/ListView.tsx(1112,21): error TS17004: Cannot use JSX unless the '--jsx' flag is provided.
components/ListView.tsx(1113,23): error TS17004: Cannot use JSX unless the '--jsx' flag is provided.
components/ListView.tsx(1115,23): error TS17004: Cannot use JSX unless the '--jsx' flag is provided.
components/ListView.tsx(1117,21): error TS17004: Cannot use JSX unless the '--jsx' flag is provided.
components/ListView.tsx(1127,23): error TS17004: Cannot use JSX unless the '--jsx' flag is provided.
components/ListView.tsx(1136,11): error TS17004: Cannot use JSX unless the '--jsx' flag is provided.
components/ListView.tsx(1137,13): error TS17004: Cannot use JSX unless the '--jsx' flag is provided.
